// Jest Snapshot v1, https://goo.gl/fbAQLP

exports[`CustomSelect render CustomSelect 1`] = `
<Fragment>
  <div
    className="TEST-className select-module__root-MMDOP select-module__display-inline-block-3o3J8"
    data-shmid="TEST-shmid"
  >
    <div
      className="select-module__input-IhK3M ui-custom-select__input"
      onClick={[Function: onClick]}
    >
      <div
        className="select-module__prefix-2AFEh"
      >
        test-prefix
      </div>
      <div>
        TEST-value
      </div>
    </div>
  </div>
</Fragment>
`;

exports[`CustomSelect Открыли select list 1`] = `
<Fragment>
  <div
    className="TEST-className select-module__root-MMDOP select-module__opened-1_OE6 select-module__display-inline-block-3o3J8"
    data-shmid="TEST-shmid"
  >
    <div
      className="select-module__input-IhK3M ui-custom-select__input"
      onClick={[Function: onClick]}
    >
      <div
        className="select-module__prefix-2AFEh"
      >
        test-prefix
      </div>
      <div>
        TEST-value
      </div>
    </div>
  </div>
  <Mocked:RenderToBodyDiv>
    <Mocked:RelativeToElementPosition
      parentElement={
        Object {
          "current": null,
        }
      }
    >
      <ForwardRef(Scrollable)
        className="select-module__options-266z9 select-module__options_custom-11twF"
      >
        <Memo(SelectOption)
          className="ui-custom-select__option"
          design="custom"
          disabled={false}
          key="TEST-value-1_0"
          label="TEST-label-1"
          onClick={[Function: handleOptionClick]}
          value="TEST-value-1"
        />
        <Memo(SelectOption)
          className="ui-custom-select__option"
          design="custom"
          disabled={true}
          key="TEST-value-2_1"
          label="TEST-label-2"
          onClick={[Function: handleOptionClick]}
          value="TEST-value-2"
        />
        <Memo(SelectOption)
          className="ui-custom-select__option"
          design="custom"
          disabled={true}
          key="TEST-value-3_2"
          label="TEST-label-3"
          onClick={[Function: handleOptionClick]}
          value="TEST-value-3"
        />
      </ForwardRef(Scrollable)>
    </Mocked:RelativeToElementPosition>
  </Mocked:RenderToBodyDiv>
</Fragment>
`;

exports[`CustomSelect Открыли select list и закрыли 1`] = `
<Fragment>
  <div
    className="TEST-className select-module__root-MMDOP select-module__display-inline-block-3o3J8"
    data-shmid="TEST-shmid"
  >
    <div
      className="select-module__input-IhK3M ui-custom-select__input"
      onClick={[Function: onClick]}
    >
      <div
        className="select-module__prefix-2AFEh"
      >
        test-prefix
      </div>
      <div>
        TEST-value
      </div>
    </div>
  </div>
</Fragment>
`;
